Archive member included because of file (symbol)

c:/program files/atmel/atmel toolchain/avr8 gcc/native/3.4.2.1002/avr8-gnu-toolchain/bin/../lib/gcc/avr/4.7.2/avrxmega6\libgcc.a(_udivmodsi4.o)
                              src/asf/xmega/drivers/usart/usart.o (__udivmodsi4)
c:/program files/atmel/atmel toolchain/avr8 gcc/native/3.4.2.1002/avr8-gnu-toolchain/bin/../lib/gcc/avr/4.7.2/avrxmega6\libgcc.a(_exit.o)
                              c:/program files/atmel/atmel toolchain/avr8 gcc/native/3.4.2.1002/avr8-gnu-toolchain/bin/../lib/gcc/avr/4.7.2/../../../../avr/lib/avrxmega6/crtx192a3.o (exit)
c:/program files/atmel/atmel toolchain/avr8 gcc/native/3.4.2.1002/avr8-gnu-toolchain/bin/../lib/gcc/avr/4.7.2/avrxmega6\libgcc.a(_clear_bss.o)
                              src/asf/common/boards/init.o (__do_clear_bss)

Allocating common symbols
Common symbol       size              file

j                   0x2               src/tasks/isr.o
radioib             0x11c             src/asf/common/boards/init.o
flag                0x2               src/tasks/isr.o
PWR_WDOG_Seconds_counter
                    0x2               src/tasks/isr.o
cdhib               0x11c             src/asf/common/boards/init.o
radio               0x11c             src/asf/common/boards/init.o
i                   0x2               src/tasks/isr.o
cdhib_tx_data       0x208             src/asf/common/boards/init.o
mSeconds            0x2               src/tasks/isr.o
radio_tx_data       0x208             src/asf/common/boards/init.o
THS_Seconds_counter
                    0x2               src/tasks/isr.o
xosc_recovey        0x1               src/tasks/isr.o
radio_non_vcp       0x208             src/asf/common/boards/init.o

Discarded input sections

 .bss           0x00000000        0x0 c:/program files/atmel/atmel toolchain/avr8 gcc/native/3.4.2.1002/avr8-gnu-toolchain/bin/../lib/gcc/avr/4.7.2/../../../../avr/lib/avrxmega6/crtx192a3.o
 .group         0x00000000        0x8 src/asf/common/boards/init.o
 .group         0x00000000        0x8 src/asf/common/boards/init.o
 .group         0x00000000        0x8 src/asf/common/boards/init.o
 .group         0x00000000        0x8 src/asf/common/boards/init.o
 .group         0x00000000        0x8 src/asf/common/boards/init.o
 .group         0x00000000        0x8 src/asf/common/boards/init.o
 .group         0x00000000        0x8 src/asf/common/boards/init.o
 .group         0x00000000        0x8 src/asf/common/boards/init.o
 .group         0x00000000        0x8 src/asf/common/boards/init.o
 .group         0x00000000        0x8 src/asf/common/boards/init.o
 .group         0x00000000        0x8 src/asf/common/boards/init.o
 .group         0x00000000        0x8 src/asf/common/boards/init.o
 .group         0x00000000        0x8 src/asf/common/boards/init.o
 .group         0x00000000        0x8 src/asf/common/boards/init.o
 .group         0x00000000        0x8 src/asf/common/boards/init.o
 .group         0x00000000        0x8 src/asf/common/boards/init.o
 .group         0x00000000        0x8 src/asf/common/boards/init.o
 .group         0x00000000        0x8 src/asf/common/boards/init.o
 .group         0x00000000        0x8 src/asf/common/boards/init.o
 .group         0x00000000        0x8 src/asf/common/boards/init.o
 .group         0x00000000        0x8 src/asf/common/boards/init.o
 .group         0x00000000        0x8 src/asf/common/boards/init.o
 .group         0x00000000        0x8 src/asf/common/boards/init.o
 .group         0x00000000        0x8 src/asf/common/boards/init.o
 .group         0x00000000        0x8 src/asf/common/boards/init.o
 .group         0x00000000        0x8 src/asf/common/boards/init.o
 .group         0x00000000        0x8 src/asf/common/boards/init.o
 .group         0x00000000        0x8 src/asf/common/boards/init.o
 .group         0x00000000        0x8 src/asf/common/boards/init.o
 .group         0x00000000        0x8 src/asf/common/boards/init.o
 .group         0x00000000        0x8 src/asf/common/boards/init.o
 .group         0x00000000        0x8 src/asf/common/boards/init.o
 .group         0x00000000        0x8 src/asf/common/boards/init.o
 .group         0x00000000        0x8 src/asf/common/boards/init.o
 .group         0x00000000        0x8 src/asf/common/boards/init.o
 .group         0x00000000        0x8 src/asf/common/boards/init.o
 .group         0x00000000        0x8 src/asf/common/boards/init.o
 .group         0x00000000        0x8 src/asf/common/boards/init.o
 .group         0x00000000        0x8 src/asf/common/boards/init.o
 .group         0x00000000        0x8 src/asf/common/boards/init.o
 .group         0x00000000        0x8 src/asf/common/boards/init.o
 .group         0x00000000        0x8 src/asf/common/boards/init.o
 .group         0x00000000        0x8 src/asf/common/boards/init.o
 .group         0x00000000        0x8 src/asf/common/boards/init.o
 .group         0x00000000        0x8 src/asf/common/boards/init.o
[...]
Memory Configuration

Name             Origin             Length             Attributes
text             0x00000000         0x00100000         xr
data             0x00802000         0x0000ffa0         rw !x
eeprom           0x00810000         0x00010000         rw !x
fuse             0x00820000         0x00000400         rw !x
lock             0x00830000         0x00000400         rw !x
signature        0x00840000         0x00000400         rw !x
user_signatures  0x00850000         0x00000400         rw !x
*default*        0x00000000         0xffffffff

Linker script and memory map

LOAD c:/program files/atmel/atmel toolchain/avr8 gcc/native/3.4.2.1002/avr8-gnu-toolchain/bin/../lib/gcc/avr/4.7.2/../../../../avr/lib/avrxmega6/crtx192a3.o
LOAD src/asf/common/boards/init.o
LOAD src/asf/common/services/clock/xmega/sysclk.o
LOAD src/asf/common/services/serial/usart_serial.o
LOAD src/asf/xmega/drivers/cpu/ccp.o
LOAD src/asf/xmega/drivers/ioport/ioport.o
LOAD src/asf/xmega/drivers/usart/usart.o
LOAD src/lithium/lithium.o
LOAD src/main.o
LOAD src/memory/dma_driver.o
LOAD src/memory/memory.o
LOAD src/scheduler/scheduler.o
LOAD src/tasks/isr.o
LOAD src/tasks/tasks.o
LOAD src/vcp/crclib.o
LOAD src/vcp/vcp_library.o
START GROUP
LOAD c:/program files/atmel/atmel toolchain/avr8 gcc/native/3.4.2.1002/avr8-gnu-toolchain/bin/../lib/gcc/avr/4.7.2/../../../../avr/lib/avrxmega6\libm.a
END GROUP
LOAD c:/program files/atmel/atmel toolchain/avr8 gcc/native/3.4.2.1002/avr8-gnu-toolchain/bin/../lib/gcc/avr/4.7.2/avrxmega6\libgcc.a
LOAD c:/program files/atmel/atmel toolchain/avr8 gcc/native/3.4.2.1002/avr8-gnu-toolchain/bin/../lib/gcc/avr/4.7.2/../../../../avr/lib/avrxmega6\libc.a
LOAD c:/program files/atmel/atmel toolchain/avr8 gcc/native/3.4.2.1002/avr8-gnu-toolchain/bin/../lib/gcc/avr/4.7.2/avrxmega6\libgcc.a

.hash
 *(.hash)

.dynsym
 *(.dynsym)

.dynstr
 *(.dynstr)

.gnu.version
 *(.gnu.version)

.gnu.version_d
 *(.gnu.version_d)

.gnu.version_r
 *(.gnu.version_r)

.rel.init
 *(.rel.init)

.rela.init
 *(.rela.init)

.rel.text
 *(.rel.text)
 *(.rel.text.*)
 *(.rel.gnu.linkonce.t*)

.rela.text
 *(.rela.text)
 *(.rela.text.*)
 *(.rela.gnu.linkonce.t*)

.rel.fini
 *(.rel.fini)

.rela.fini
 *(.rela.fini)

.rel.rodata
 *(.rel.rodata)
 *(.rel.rodata.*)
 *(.rel.gnu.linkonce.r*)

.rela.rodata
 *(.rela.rodata)
 *(.rela.rodata.*)
 *(.rela.gnu.linkonce.r*)

.rel.data
 *(.rel.data)
 *(.rel.data.*)
 *(.rel.gnu.linkonce.d*)

.rela.data
 *(.rela.data)
 *(.rela.data.*)
 *(.rela.gnu.linkonce.d*)

.rel.ctors
 *(.rel.ctors)

.rela.ctors
 *(.rela.ctors)

.rel.dtors
 *(.rel.dtors)

.rela.dtors
 *(.rela.dtors)

.rel.got
 *(.rel.got)

.rela.got
 *(.rela.got)

.rel.bss
 *(.rel.bss)

.rela.bss
 *(.rela.bss)

.rel.plt
 *(.rel.plt)

.rela.plt
 *(.rela.plt)

.text           0x00000000     0x1176
 *(.vectors)
 .vectors       0x00000000      0x1e8 c:/program files/atmel/atmel toolchain/avr8 gcc/native/3.4.2.1002/avr8-gnu-toolchain/bin/../lib/gcc/avr/4.7.2/../../../../avr/lib/avrxmega6/crtx192a3.o
                0x00000000                __vector_default
                0x00000000                __vectors
 *(.vectors)
 *(.progmem.gcc*)
 *(.progmem*)
                0x000001e8                . = ALIGN (0x2)
                0x000001e8                __trampolines_start = .
 *(.trampolines)
 .trampolines   0x000001e8        0x0 linker stubs
 *(.trampolines*)
                0x000001e8                __trampolines_end = .
 *(.jumptables)
 *(.jumptables*)
 *(.lowtext)
 *(.lowtext*)
                0x000001e8                __ctors_start = .
 *(.ctors)
                0x000001e8                __ctors_end = .
                0x000001e8                __dtors_start = .
 *(.dtors)
                0x000001e8                __dtors_end = .
 SORT(*)(.ctors)
 SORT(*)(.dtors)
 *(.init0)
 .init0         0x000001e8        0x0 c:/program files/atmel/atmel toolchain/avr8 gcc/native/3.4.2.1002/avr8-gnu-toolchain/bin/../lib/gcc/avr/4.7.2/../../../../avr/lib/avrxmega6/crtx192a3.o
                0x000001e8                __init
 *(.init0)
 *(.init1)
 *(.init1)
 *(.init2)
 .init2         0x000001e8       0x10 c:/program files/atmel/atmel toolchain/avr8 gcc/native/3.4.2.1002/avr8-gnu-toolchain/bin/../lib/gcc/avr/4.7.2/../../../../avr/lib/avrxmega6/crtx192a3.o
 *(.init2)
 *(.init3)
 *(.init3)
 *(.init4)
 .init4         0x000001f8       0x10 c:/program files/atmel/atmel toolchain/avr8 gcc/native/3.4.2.1002/avr8-gnu-toolchain/bin/../lib/gcc/avr/4.7.2/avrxmega6\libgcc.a(_clear_bss.o)
                0x000001f8                __do_clear_bss
 *(.init4)
 *(.init5)
 *(.init5)
 *(.init6)
 *(.init6)
 *(.init7)
 *(.init7)
 *(.init8)
 *(.init8)
 *(.init9)
 .init9         0x00000208        0x4 c:/program files/atmel/atmel toolchain/avr8 gcc/native/3.4.2.1002/avr8-gnu-toolchain/bin/../lib/gcc/avr/4.7.2/../../../../avr/lib/avrxmega6/crtx192a3.o
 *(.init9)
 *(.text)
 .text          0x0000020c        0x2 c:/program files/atmel/atmel toolchain/avr8 gcc/native/3.4.2.1002/avr8-gnu-toolchain/bin/../lib/gcc/avr/4.7.2/../../../../avr/lib/avrxmega6/crtx192a3.o
                0x0000020c                __vector_38
                0x0000020c                __vector_104
                0x0000020c                __vector_22
                0x0000020c                __vector_63
                0x0000020c                __vector_28
                0x0000020c                __vector_67
                0x0000020c                __vector_119
                0x0000020c                __vector_32
                0x0000020c                __vector_75
                0x0000020c                __vector_71
                0x0000020c                __vector_91
                0x0000020c                __vector_34
                0x0000020c                __vector_62
                0x0000020c                __vector_77
                0x0000020c                __vector_102
                0x0000020c                __vector_24
                0x0000020c                __vector_12
                0x0000020c                __vector_55
                0x0000020c                __vector_69
                0x0000020c                __vector_81
                0x0000020c                __vector_90
                0x0000020c                __vector_46
                0x0000020c                __bad_interrupt
                0x0000020c                __vector_72
                0x0000020c                __vector_114
                0x0000020c                __vector_6
                0x0000020c                __vector_110
                0x0000020c                __vector_31
                0x0000020c                __vector_92
                0x0000020c                __vector_35
                0x0000020c                __vector_78
                0x0000020c                __vector_74
                0x0000020c                __vector_117
                0x0000020c                __vector_39
                0x0000020c                __vector_107
                0x0000020c                __vector_3
                0x0000020c                __vector_105
                0x0000020c                __vector_98
                0x0000020c                __vector_23
                0x0000020c                __vector_68
                0x0000020c                __vector_30
                0x0000020c                __vector_73
                0x0000020c                __vector_45
                0x0000020c                __vector_93
                0x0000020c                __vector_61
                0x0000020c                __vector_11
                0x0000020c                __vector_54
                0x0000020c                __vector_99
                0x0000020c                __vector_13
                0x0000020c                __vector_17
                0x0000020c                __vector_19
                0x0000020c                __vector_56
                0x0000020c                __vector_7
                0x0000020c                __vector_49
                0x0000020c                __vector_41
                0x0000020c                __vector_86
                0x0000020c                __vector_100
                0x0000020c                __vector_101
                0x0000020c                __vector_64
                0x0000020c                __vector_109
                0x0000020c                __vector_43
                0x0000020c                __vector_27
                0x0000020c                __vector_5
                0x0000020c                __vector_113
                0x0000020c                __vector_33
                0x0000020c                __vector_76
                0x0000020c                __vector_115
                0x0000020c                __vector_47
                0x0000020c                __vector_52
                0x0000020c                __vector_37
                0x0000020c                __vector_95
                0x0000020c                __vector_103
                0x0000020c                __vector_96
                0x0000020c                __vector_89
                0x0000020c                __vector_108
                0x0000020c                __vector_4
                0x0000020c                __vector_44
                0x0000020c                __vector_82
                0x0000020c                __vector_106
                0x0000020c                __vector_118
                0x0000020c                __vector_51
                0x0000020c                __vector_9
                0x0000020c                __vector_2
                0x0000020c                __vector_21
                0x0000020c                __vector_15
                0x0000020c                __vector_66
                0x0000020c                __vector_36
                0x0000020c                __vector_79
                0x0000020c                __vector_58
                0x0000020c                __vector_70
                0x0000020c                __vector_83
                0x0000020c                __vector_29
                0x0000020c                __vector_60
                0x0000020c                __vector_121
                0x0000020c                __vector_40
                0x0000020c                __vector_85
                0x0000020c                __vector_94
                0x0000020c                __vector_8
                0x0000020c                __vector_26
                0x0000020c                __vector_48
                0x0000020c                __vector_116
                0x0000020c                __vector_112
                0x0000020c                __vector_111
                0x0000020c                __vector_80
                0x0000020c                __vector_84
                0x0000020c                __vector_57
                0x0000020c                __vector_53
                0x0000020c                __vector_10
                0x0000020c                __vector_50
                0x0000020c                __vector_16
                0x0000020c                __vector_59
                0x0000020c                __vector_18
                0x0000020c                __vector_97
                0x0000020c                __vector_20
                0x0000020c                __vector_42
                0x0000020c                __vector_87
                0x0000020c                __vector_65
                0x0000020c                __vector_120
                0x0000020e                . = ALIGN (0x2)
 *(.text.*)
 .text.board_init
                0x0000020e      0x254 src/asf/common/boards/init.o
                0x0000020e                board_init
 .text.clock_init
                0x00000462       0x70 src/asf/common/boards/init.o
                0x00000462                clock_init
 .text.sysclk_enable_module
                0x000004d2       0x16 src/asf/common/services/clock/xmega/sysclk.o
                0x000004d2                sysclk_enable_module
 .text.ccp_write_io
                0x000004e8        0xc src/asf/xmega/drivers/cpu/ccp.o
                0x000004e8                ccp_write_io
 .text.usart_init_rs232
                0x000004f4      0x114 src/asf/xmega/drivers/usart/usart.o
                0x000004f4                usart_init_rs232
 .text.startup.main
                0x00000608        0xa src/main.o
                0x00000608                main
 .text.DMA_SetPriority
                0x00000612        0xe src/memory/dma_driver.o
                0x00000612                DMA_SetPriority
 .text.DMA_EnableChannel
                0x00000620        0xa src/memory/dma_driver.o
                0x00000620                DMA_EnableChannel
 .text.DMA_SetupBlock
                0x0000062a       0x5c src/memory/dma_driver.o
                0x0000062a                DMA_SetupBlock
 .text.DMA_EnableSingleShot
                0x00000686        0xa src/memory/dma_driver.o
                0x00000686                DMA_EnableSingleShot
 .text.DMA_SetTriggerSource
                0x00000690        0x6 src/memory/dma_driver.o
                0x00000690                DMA_SetTriggerSource
 .text.memory_init
                0x00000696       0xf0 src/memory/memory.o
                0x00000696                memory_init
 .text.dma_init
                0x00000786       0x44 src/memory/memory.o
                0x00000786                dma_init
 .text.read_CDH_receive_buff
                0x000007ca      0x242 src/memory/memory.o
                0x000007ca                read_CDH_receive_buff
 .text.read_radio_receive_buff
                0x00000a0c      0x17a src/memory/memory.o
                0x00000a0c                read_radio_receive_buff
 .text.DMA_transmit
                0x00000b86       0x82 src/memory/memory.o
                0x00000b86                DMA_transmit
 .text.scheduler
                0x00000c08        0x6 src/scheduler/scheduler.o
                0x00000c08                scheduler
 .text.__vector_1
                0x00000c0e       0x4e src/tasks/isr.o
                0x00000c0e                __vector_1
 .text.__vector_14
                0x00000c5c       0x6c src/tasks/isr.o
                0x00000c5c                __vector_14
 .text.__vector_25
                0x00000cc8       0xd4 src/tasks/isr.o
                0x00000cc8                __vector_25
 .text.__vector_88
                0x00000d9c       0xac src/tasks/isr.o
                0x00000d9c                __vector_88
 .text.cdhib_task
                0x00000e48       0xb4 src/tasks/tasks.o
                0x00000e48                cdhib_task
 .text.radio_task
                0x00000efc       0x32 src/tasks/tasks.o
                0x00000efc                radio_task
 .text.append_crc16
                0x00000f2e       0xe2 src/vcp/crclib.o
                0x00000f2e                append_crc16
 .text.Create_VCP_frame
                0x00001010      0x162 src/vcp/vcp_library.o
                0x00001010                Create_VCP_frame
                0x00001172                . = ALIGN (0x2)
 *(.fini9)
 .fini9         0x00001172        0x0 c:/program files/atmel/atmel toolchain/avr8 gcc/native/3.4.2.1002/avr8-gnu-toolchain/bin/../lib/gcc/avr/4.7.2/avrxmega6\libgcc.a(_exit.o)
                0x00001172                _exit
                0x00001172                exit
 *(.fini9)
 *(.fini8)
 *(.fini8)
 *(.fini7)
 *(.fini7)
 *(.fini6)
 *(.fini6)
 *(.fini5)
 *(.fini5)
 *(.fini4)
 *(.fini4)
 *(.fini3)
 *(.fini3)
 *(.fini2)
 *(.fini2)
 *(.fini1)
 *(.fini1)
 *(.fini0)
 .fini0         0x00001172        0x4 c:/program files/atmel/atmel toolchain/avr8 gcc/native/3.4.2.1002/avr8-gnu-toolchain/bin/../lib/gcc/avr/4.7.2/avrxmega6\libgcc.a(_exit.o)
 *(.fini0)
                0x00001176                _etext = .

.data           0x00802000        0x0 load address 0x00001176
                0x00802000                PROVIDE (__data_start, .)
 *(.data)
 .data          0x00802000        0x0 c:/program files/atmel/atmel toolchain/avr8 gcc/native/3.4.2.1002/avr8-gnu-toolchain/bin/../lib/gcc/avr/4.7.2/../../../../avr/lib/avrxmega6/crtx192a3.o
 .data          0x00802000        0x0 src/asf/common/boards/init.o
 .data          0x00802000        0x0 src/asf/common/services/clock/xmega/sysclk.o
 .data          0x00802000        0x0 src/asf/common/services/serial/usart_serial.o
 .data          0x00802000        0x0 src/asf/xmega/drivers/cpu/ccp.o
 .data          0x00802000        0x0 src/asf/xmega/drivers/ioport/ioport.o
 .data          0x00802000        0x0 src/asf/xmega/drivers/usart/usart.o
 .data          0x00802000        0x0 src/lithium/lithium.o
 .data          0x00802000        0x0 src/main.o
 .data          0x00802000        0x0 src/memory/dma_driver.o
 .data          0x00802000        0x0 src/memory/memory.o
 .data          0x00802000        0x0 src/scheduler/scheduler.o
 .data          0x00802000        0x0 src/tasks/isr.o
 .data          0x00802000        0x0 src/tasks/tasks.o
 .data          0x00802000        0x0 src/vcp/crclib.o
 .data          0x00802000        0x0 src/vcp/vcp_library.o
 .data          0x00802000        0x0 c:/program files/atmel/atmel toolchain/avr8 gcc/native/3.4.2.1002/avr8-gnu-toolchain/bin/../lib/gcc/avr/4.7.2/avrxmega6\libgcc.a(_udivmodsi4.o)
 .data          0x00802000        0x0 c:/program files/atmel/atmel toolchain/avr8 gcc/native/3.4.2.1002/avr8-gnu-toolchain/bin/../lib/gcc/avr/4.7.2/avrxmega6\libgcc.a(_exit.o)
 .data          0x00802000        0x0 c:/program files/atmel/atmel toolchain/avr8 gcc/native/3.4.2.1002/avr8-gnu-toolchain/bin/../lib/gcc/avr/4.7.2/avrxmega6\libgcc.a(_clear_bss.o)
 *(.data*)
 *(.rodata)
 *(.rodata*)
 *(.gnu.linkonce.d*)
                0x00802000                . = ALIGN (0x2)
                0x00802000                _edata = .
                0x00802000                PROVIDE (__data_end, .)

.bss            0x00802000      0x979
                0x00802000                PROVIDE (__bss_start, .)
 *(.bss)
 *(.bss*)
 *(COMMON)
 COMMON         0x00802000      0x96c src/asf/common/boards/init.o
                0x00802000                radioib
                0x0080211c                cdhib
                0x00802238                radio
                0x00802354                cdhib_tx_data
                0x0080255c                radio_tx_data
                0x00802764                radio_non_vcp
 COMMON         0x0080296c        0xd src/tasks/isr.o
                0x0080296c                j
                0x0080296e                flag
                0x00802970                PWR_WDOG_Seconds_counter
                0x00802972                i
                0x00802974                mSeconds
                0x00802976                THS_Seconds_counter
                0x00802978                xosc_recovey
                0x00802979                PROVIDE (__bss_end, .)
                0x00001176                __data_load_start = LOADADDR (.data)
                0x00001176                __data_load_end = (__data_load_start + SIZEOF (.data))

.noinit         0x00802979        0x0
                0x00802979                PROVIDE (__noinit_start, .)
 *(.noinit*)
                0x00802979                PROVIDE (__noinit_end, .)
                0x00802979                _end = .
                0x00802979                PROVIDE (__heap_start, .)

.eeprom         0x00810000        0x0
 *(.eeprom*)
                0x00810000                __eeprom_end = .

.fuse
 *(.fuse)
 *(.lfuse)
 *(.hfuse)
 *(.efuse)

.lock
 *(.lock*)

.signature
 *(.signature*)

.user_signatures
 *(.user_signatures*)

.stab           0x00000000      0x6e4
 *(.stab)
 .stab          0x00000000      0x6e4 c:/program files/atmel/atmel toolchain/avr8 gcc/native/3.4.2.1002/avr8-gnu-toolchain/bin/../lib/gcc/avr/4.7.2/../../../../avr/lib/avrxmega6/crtx192a3.o

.stabstr        0x00000000       0x97
 *(.stabstr)
 .stabstr       0x00000000       0x97 c:/program files/atmel/atmel toolchain/avr8 gcc/native/3.4.2.1002/avr8-gnu-toolchain/bin/../lib/gcc/avr/4.7.2/../../../../avr/lib/avrxmega6/crtx192a3.o

.stab.excl
 *(.stab.excl)

.stab.exclstr
 *(.stab.exclstr)

.stab.index
 *(.stab.index)

.stab.indexstr
 *(.stab.indexstr)

.comment        0x00000000       0x2f
 *(.comment)
 .comment       0x00000000       0x2f src/asf/common/boards/init.o
                                 0x30 (size before relaxing)
 .comment       0x00000000       0x30 src/asf/common/services/clock/xmega/sysclk.o
 .comment       0x00000000       0x30 src/asf/common/services/serial/usart_serial.o
 .comment       0x00000000       0x30 src/asf/xmega/drivers/ioport/ioport.o
 .comment       0x00000000       0x30 src/asf/xmega/drivers/usart/usart.o
 .comment       0x00000000       0x30 src/lithium/lithium.o
 .comment       0x00000000       0x30 src/main.o
 .comment       0x00000000       0x30 src/memory/dma_driver.o
 .comment       0x00000000       0x30 src/memory/memory.o
 .comment       0x00000000       0x30 src/scheduler/scheduler.o
 .comment       0x00000000       0x30 src/tasks/isr.o
 .comment       0x00000000       0x30 src/tasks/tasks.o
 .comment       0x00000000       0x30 src/vcp/crclib.o
 .comment       0x00000000       0x30 src/vcp/vcp_library.o

.debug
 *(.debug)

.line
 *(.line)

.debug_srcinfo
 *(.debug_srcinfo)

.debug_sfnames
 *(.debug_sfnames)

.debug_aranges  0x00000000      0x330
 *(.debug_aranges)
 .debug_aranges
                0x00000000       0x50 src/asf/common/boards/init.o
 .debug_aranges
                0x00000050       0x30 src/asf/common/services/clock/xmega/sysclk.o
 .debug_aranges
                0x00000080       0x28 src/asf/common/services/serial/usart_serial.o
 .debug_aranges
                0x000000a8       0x20 src/asf/xmega/drivers/cpu/ccp.o
 .debug_aranges
                0x000000c8       0x20 src/asf/xmega/drivers/ioport/ioport.o
 .debug_aranges
                0x000000e8       0x48 src/asf/xmega/drivers/usart/usart.o
 .debug_aranges
                0x00000130       0x20 src/lithium/lithium.o
 .debug_aranges
                0x00000150       0x20 src/main.o
 .debug_aranges
                0x00000170       0xa0 src/memory/dma_driver.o
 .debug_aranges
                0x00000210       0x48 src/memory/memory.o
 .debug_aranges
                0x00000258       0x20 src/scheduler/scheduler.o
 .debug_aranges
                0x00000278       0x38 src/tasks/isr.o
 .debug_aranges
                0x000002b0       0x28 src/tasks/tasks.o
 .debug_aranges
                0x000002d8       0x28 src/vcp/crclib.o
 .debug_aranges
                0x00000300       0x30 src/vcp/vcp_library.o

.debug_pubnames
 *(.debug_pubnames)

.debug_info     0x00000000     0x93c4
 *(.debug_info)
 .debug_info    0x00000000     0x2a46 src/asf/common/boards/init.o
 .debug_info    0x00002a46      0x3b9 src/asf/common/services/clock/xmega/sysclk.o
 .debug_info    0x00002dff      0x2bb src/asf/common/services/serial/usart_serial.o
 .debug_info    0x000030ba       0x5c src/asf/xmega/drivers/cpu/ccp.o
 .debug_info    0x00003116      0x10f src/asf/xmega/drivers/ioport/ioport.o
 .debug_info    0x00003225      0xed5 src/asf/xmega/drivers/usart/usart.o
 .debug_info    0x000040fa      0x524 src/lithium/lithium.o
 .debug_info    0x0000461e      0x51d src/main.o
 .debug_info    0x00004b3b      0x960 src/memory/dma_driver.o
 .debug_info    0x0000549b     0x2698 src/memory/memory.o
 .debug_info    0x00007b33      0x519 src/scheduler/scheduler.o
 .debug_info    0x0000804c      0x8ce src/tasks/isr.o
 .debug_info    0x0000891a      0x616 src/tasks/tasks.o
 .debug_info    0x00008f30      0x188 src/vcp/crclib.o
 .debug_info    0x000090b8      0x30c src/vcp/vcp_library.o
 *(.gnu.linkonce.wi.*)

.debug_abbrev   0x00000000     0x192c
 *(.debug_abbrev)
 .debug_abbrev  0x00000000      0x336 src/asf/common/boards/init.o
 .debug_abbrev  0x00000336      0x178 src/asf/common/services/clock/xmega/sysclk.o
 .debug_abbrev  0x000004ae      0x116 src/asf/common/services/serial/usart_serial.o
 .debug_abbrev  0x000005c4       0x14 src/asf/xmega/drivers/cpu/ccp.o
 .debug_abbrev  0x000005d8       0x8a src/asf/xmega/drivers/ioport/ioport.o
 .debug_abbrev  0x00000662      0x2dd src/asf/xmega/drivers/usart/usart.o
 .debug_abbrev  0x0000093f      0x160 src/lithium/lithium.o
 .debug_abbrev  0x00000a9f      0x155 src/main.o
 .debug_abbrev  0x00000bf4      0x1cc src/memory/dma_driver.o
 .debug_abbrev  0x00000dc0      0x3f4 src/memory/memory.o
 .debug_abbrev  0x000011b4      0x153 src/scheduler/scheduler.o
 .debug_abbrev  0x00001307      0x25c src/tasks/isr.o
 .debug_abbrev  0x00001563      0x1e7 src/tasks/tasks.o
 .debug_abbrev  0x0000174a       0xb5 src/vcp/crclib.o
 .debug_abbrev  0x000017ff      0x12d src/vcp/vcp_library.o

.debug_line     0x00000000     0x6d76
 *(.debug_line)
 .debug_line    0x00000000      0xc31 src/asf/common/boards/init.o
 .debug_line    0x00000c31      0x518 src/asf/common/services/clock/xmega/sysclk.o
 .debug_line    0x00001149      0x5bf src/asf/common/services/serial/usart_serial.o
 .debug_line    0x00001708       0x6e src/asf/xmega/drivers/cpu/ccp.o
 .debug_line    0x00001776      0x460 src/asf/xmega/drivers/ioport/ioport.o
 .debug_line    0x00001bd6      0x843 src/asf/xmega/drivers/usart/usart.o
 .debug_line    0x00002419      0x8ad src/lithium/lithium.o
 .debug_line    0x00002cc6      0x8b1 src/main.o
 .debug_line    0x00003577      0x7a7 src/memory/dma_driver.o
 .debug_line    0x00003d1e      0xe05 src/memory/memory.o
 .debug_line    0x00004b23      0x8b8 src/scheduler/scheduler.o
 .debug_line    0x000053db      0x9a3 src/tasks/isr.o
 .debug_line    0x00005d7e      0x8a5 src/tasks/tasks.o
 .debug_line    0x00006623      0x33c src/vcp/crclib.o
 .debug_line    0x0000695f      0x417 src/vcp/vcp_library.o

.debug_frame    0x00000000      0x788
 *(.debug_frame)
 .debug_frame   0x00000000       0xbc src/asf/common/boards/init.o
 .debug_frame   0x000000bc       0x44 src/asf/common/services/clock/xmega/sysclk.o
 .debug_frame   0x00000100       0x74 src/asf/common/services/serial/usart_serial.o
 .debug_frame   0x00000174       0x24 src/asf/xmega/drivers/ioport/ioport.o
 .debug_frame   0x00000198       0xe4 src/asf/xmega/drivers/usart/usart.o
 .debug_frame   0x0000027c       0x24 src/lithium/lithium.o
 .debug_frame   0x000002a0       0x24 src/main.o
 .debug_frame   0x000002c4      0x154 src/memory/dma_driver.o
 .debug_frame   0x00000418       0xf0 src/memory/memory.o
 .debug_frame   0x00000508       0x24 src/scheduler/scheduler.o
 .debug_frame   0x0000052c      0x120 src/tasks/isr.o
 .debug_frame   0x0000064c       0x50 src/tasks/tasks.o
 .debug_frame   0x0000069c       0x34 src/vcp/crclib.o
 .debug_frame   0x000006d0       0xb8 src/vcp/vcp_library.o

.debug_str      0x00000000    0x1f960
 *(.debug_str)
 .debug_str     0x00000000    0x1dc9c src/asf/common/boards/init.o
                              0x1e490 (size before relaxing)
 .debug_str     0x0001dc9c       0xd4 src/asf/common/services/clock/xmega/sysclk.o
                              0x1c820 (size before relaxing)
 .debug_str     0x0001dd70      0x153 src/asf/common/services/serial/usart_serial.o
                              0x1c728 (size before relaxing)
 .debug_str     0x0001dec3      0x57f src/asf/xmega/drivers/ioport/ioport.o
                              0x1c076 (size before relaxing)
 .debug_str     0x0001e442      0x296 src/asf/xmega/drivers/usart/usart.o
                              0x1d2c5 (size before relaxing)
 .debug_str     0x0001e6d8       0x3e src/lithium/lithium.o
                              0x1d6aa (size before relaxing)
 .debug_str     0x0001e716       0x69 src/main.o
                              0x1d6ef (size before relaxing)
 .debug_str     0x0001e77f      0x6a2 src/memory/dma_driver.o
                              0x1ce78 (size before relaxing)
 .debug_str     0x0001ee21      0x923 src/memory/memory.o
                              0x1ea41 (size before relaxing)
 .debug_str     0x0001f744       0x1d src/scheduler/scheduler.o
                              0x1d704 (size before relaxing)
 .debug_str     0x0001f761       0xa6 src/tasks/isr.o
                              0x1d76c (size before relaxing)
 .debug_str     0x0001f807       0x3d src/tasks/tasks.o
                              0x1d6ff (size before relaxing)
 .debug_str     0x0001f844       0x63 src/vcp/crclib.o
                               0x2e07 (size before relaxing)
 .debug_str     0x0001f8a7       0xb9 src/vcp/vcp_library.o
                               0x3064 (size before relaxing)

.debug_loc      0x00000000     0x2bf0
 *(.debug_loc)
 .debug_loc     0x00000000      0x660 src/asf/common/boards/init.o
 .debug_loc     0x00000660      0x145 src/asf/common/services/clock/xmega/sysclk.o
 .debug_loc     0x000007a5      0x20c src/asf/common/services/serial/usart_serial.o
 .debug_loc     0x000009b1       0x9c src/asf/xmega/drivers/ioport/ioport.o
 .debug_loc     0x00000a4d      0x92d src/asf/xmega/drivers/usart/usart.o
 .debug_loc     0x0000137a      0x366 src/memory/dma_driver.o
 .debug_loc     0x000016e0      0x7f3 src/memory/memory.o
 .debug_loc     0x00001ed3      0x4df src/tasks/isr.o
 .debug_loc     0x000023b2       0xa0 src/tasks/tasks.o
 .debug_loc     0x00002452      0x1b1 src/vcp/crclib.o
 .debug_loc     0x00002603      0x5ed src/vcp/vcp_library.o

.debug_macinfo
 *(.debug_macinfo)

.debug_pubtypes
 *(.debug_pubtypes)

.debug_ranges   0x00000000      0x7d8
 *(.debug_ranges)
 .debug_ranges  0x00000000      0x2b0 src/asf/common/boards/init.o
 .debug_ranges  0x000002b0       0x20 src/asf/common/services/clock/xmega/sysclk.o
 .debug_ranges  0x000002d0       0x18 src/asf/common/services/serial/usart_serial.o
 .debug_ranges  0x000002e8       0x10 src/asf/xmega/drivers/ioport/ioport.o
 .debug_ranges  0x000002f8       0xc8 src/asf/xmega/drivers/usart/usart.o
 .debug_ranges  0x000003c0       0x10 src/lithium/lithium.o
 .debug_ranges  0x000003d0       0x10 src/main.o
 .debug_ranges  0x000003e0       0x90 src/memory/dma_driver.o
 .debug_ranges  0x00000470      0x268 src/memory/memory.o
 .debug_ranges  0x000006d8       0x10 src/scheduler/scheduler.o
 .debug_ranges  0x000006e8       0x88 src/tasks/isr.o
 .debug_ranges  0x00000770       0x30 src/tasks/tasks.o
 .debug_ranges  0x000007a0       0x18 src/vcp/crclib.o
 .debug_ranges  0x000007b8       0x20 src/vcp/vcp_library.o

.debug_macro    0x00000000     0x9423
 *(.debug_macro)
 .debug_macro   0x00000000      0x2d4 src/asf/common/boards/init.o
 .debug_macro   0x000002d4      0x5d4 src/asf/common/boards/init.o
 .debug_macro   0x000008a8       0x10 src/asf/common/boards/init.o
 .debug_macro   0x000008b8      0x1ad src/asf/common/boards/init.o
 .debug_macro   0x00000a65      0x293 src/asf/common/boards/init.o
 .debug_macro   0x00000cf8       0x9e src/asf/common/boards/init.o
 .debug_macro   0x00000d96     0x4c9f src/asf/common/boards/init.o
 .debug_macro   0x00005a35       0x9a src/asf/common/boards/init.o
 .debug_macro   0x00005acf       0xf1 src/asf/common/boards/init.o
 .debug_macro   0x00005bc0       0x34 src/asf/common/boards/init.o
 .debug_macro   0x00005bf4       0x18 src/asf/common/boards/init.o
 .debug_macro   0x00005c0c       0x5e src/asf/common/boards/init.o
 .debug_macro   0x00005c6a       0x22 src/asf/common/boards/init.o
 .debug_macro   0x00005c8c      0x16c src/asf/common/boards/init.o
 .debug_macro   0x00005df8       0x1c src/asf/common/boards/init.o
 .debug_macro   0x00005e14       0x35 src/asf/common/boards/init.o
 .debug_macro   0x00005e49       0x51 src/asf/common/boards/init.o
 .debug_macro   0x00005e9a       0x82 src/asf/common/boards/init.o
 .debug_macro   0x00005f1c       0x17 src/asf/common/boards/init.o
 .debug_macro   0x00005f33      0x249 src/asf/common/boards/init.o
 .debug_macro   0x0000617c       0x76 src/asf/common/boards/init.o
 .debug_macro   0x000061f2       0x16 src/asf/common/boards/init.o
 .debug_macro   0x00006208      0x6d3 src/asf/common/boards/init.o
 .debug_macro   0x000068db       0x10 src/asf/common/boards/init.o
 .debug_macro   0x000068eb      0x160 src/asf/common/boards/init.o
 .debug_macro   0x00006a4b       0x40 src/asf/common/boards/init.o
 .debug_macro   0x00006a8b       0x46 src/asf/common/boards/init.o
 .debug_macro   0x00006ad1       0x69 src/asf/common/boards/init.o
 .debug_macro   0x00006b3a       0x31 src/asf/common/boards/init.o
 .debug_macro   0x00006b6b       0xc4 src/asf/common/boards/init.o
 .debug_macro   0x00006c2f       0x16 src/asf/common/boards/init.o
 .debug_macro   0x00006c45       0x5e src/asf/common/boards/init.o
 .debug_macro   0x00006ca3       0x2f src/asf/common/boards/init.o
 .debug_macro   0x00006cd2       0xe5 src/asf/common/boards/init.o
 .debug_macro   0x00006db7       0x10 src/asf/common/boards/init.o
 .debug_macro   0x00006dc7       0x10 src/asf/common/boards/init.o
 .debug_macro   0x00006dd7       0x58 src/asf/common/boards/init.o
 .debug_macro   0x00006e2f       0x10 src/asf/common/boards/init.o
 .debug_macro   0x00006e3f       0xeb src/asf/common/boards/init.o
 .debug_macro   0x00006f2a       0x16 src/asf/common/boards/init.o
 .debug_macro   0x00006f40       0x10 src/asf/common/boards/init.o
 .debug_macro   0x00006f50       0x34 src/asf/common/boards/init.o
 .debug_macro   0x00006f84       0x1c src/asf/common/boards/init.o
 .debug_macro   0x00006fa0       0x1c src/asf/common/boards/init.o
 .debug_macro   0x00006fbc       0x1c src/asf/common/boards/init.o
 .debug_macro   0x00006fd8       0x34 src/asf/common/boards/init.o
 .debug_macro   0x0000700c       0x9a src/asf/common/boards/init.o
 .debug_macro   0x000070a6       0x7c src/asf/common/boards/init.o
 .debug_macro   0x00007122       0x10 src/asf/common/boards/init.o
 .debug_macro   0x00007132      0x1bb src/asf/common/services/clock/xmega/sysclk.o
 .debug_macro   0x000072ed       0xca src/asf/common/services/clock/xmega/sysclk.o
 .debug_macro   0x000073b7      0x1e3 src/asf/common/services/serial/usart_serial.o
 .debug_macro   0x0000759a      0x164 src/asf/xmega/drivers/ioport/ioport.o
 .debug_macro   0x000076fe      0x18c src/asf/xmega/drivers/ioport/ioport.o
 .debug_macro   0x0000788a      0x1dc src/asf/xmega/drivers/usart/usart.o
 .debug_macro   0x00007a66      0x299 src/asf/xmega/drivers/usart/usart.o
 .debug_macro   0x00007cff      0x192 src/asf/xmega/drivers/usart/usart.o
 .debug_macro   0x00007e91      0x2dc src/lithium/lithium.o
 .debug_macro   0x0000816d       0x16 src/lithium/lithium.o
 .debug_macro   0x00008183      0x2e3 src/main.o
 .debug_macro   0x00008466       0x10 src/main.o
 .debug_macro   0x00008476       0x3a src/main.o
 .debug_macro   0x000084b0      0x20c src/memory/dma_driver.o
 .debug_macro   0x000086bc       0x16 src/memory/dma_driver.o
 .debug_macro   0x000086d2      0x2d4 src/memory/memory.o
 .debug_macro   0x000089a6      0x2e3 src/scheduler/scheduler.o
 .debug_macro   0x00008c89      0x2d0 src/tasks/isr.o
 .debug_macro   0x00008f59      0x2d0 src/tasks/tasks.o
 .debug_macro   0x00009229       0x87 src/vcp/crclib.o
 .debug_macro   0x000092b0       0x97 src/vcp/crclib.o
 .debug_macro   0x00009347       0x20 src/vcp/crclib.o
 .debug_macro   0x00009367       0x16 src/vcp/crclib.o
 .debug_macro   0x0000937d       0x10 src/vcp/crclib.o
 .debug_macro   0x0000938d       0x96 src/vcp/vcp_library.o
OUTPUT(RADIOIB_MCU.elf elf32-avr)
LOAD linker stubs
