Archive member included because of file (symbol)

c:/program files/atmel/atmel toolchain/avr8 gcc/native/3.4.2.1002/avr8-gnu-toolchain/bin/../lib/gcc/avr/4.7.2/avrxmega6\libgcc.a(_udivmodsi4.o)
                              src/asf/xmega/drivers/usart/usart.o (__udivmodsi4)
c:/program files/atmel/atmel toolchain/avr8 gcc/native/3.4.2.1002/avr8-gnu-toolchain/bin/../lib/gcc/avr/4.7.2/avrxmega6\libgcc.a(_exit.o)
                              c:/program files/atmel/atmel toolchain/avr8 gcc/native/3.4.2.1002/avr8-gnu-toolchain/bin/../lib/gcc/avr/4.7.2/../../../../avr/lib/avrxmega6/crtx128a3.o (exit)
c:/program files/atmel/atmel toolchain/avr8 gcc/native/3.4.2.1002/avr8-gnu-toolchain/bin/../lib/gcc/avr/4.7.2/avrxmega6\libgcc.a(_clear_bss.o)
                              src/asf/common/boards/init.o (__do_clear_bss)
c:/program files/atmel/atmel toolchain/avr8 gcc/native/3.4.2.1002/avr8-gnu-toolchain/bin/../lib/gcc/avr/4.7.2/../../../../avr/lib/avrxmega6\libc.a(memcpy.o)
                              src/tasks/tasks.o (memcpy)

Allocating common symbols
Common symbol       size              file

PWR_NOOP            0x1               src/asf/common/boards/init.o
gps                 0x6b              src/asf/common/boards/init.o
Radio_Command_packet
                    0x3               src/asf/common/boards/init.o
sun_tx_data         0x100             src/asf/common/boards/init.o
j                   0x2               src/tasks/isr.o
External_THS_trigger
                    0x1               src/asf/common/boards/init.o
power               0x6b              src/asf/common/boards/init.o
FC_command_received
                    0x1               src/asf/common/boards/init.o
radio_rx_data       0x10e             src/asf/common/boards/init.o
sun_rx_data         0x100             src/asf/common/boards/init.o
power_rx_data       0x6e              src/asf/common/boards/init.o
Radio_command_received
                    0x1               src/asf/common/boards/init.o
FC_packet           0x21              src/asf/common/boards/init.o
sun                 0x6b              src/asf/common/boards/init.o
PWR_WDOG_Seconds_counter
                    0x2               src/tasks/isr.o
cdhib               0x6b              src/asf/common/boards/init.o
radio_queue_ringbuff
                    0xf               src/asf/common/boards/init.o
fc_tx_data          0x208             src/asf/common/boards/init.o
radio               0x6b              src/asf/common/boards/init.o
i                   0x2               src/tasks/isr.o
fc_rx_data          0x64              src/asf/common/boards/init.o
THS_interval_seconds
                    0x2               src/asf/common/boards/init.o
fc_queue_ringbuff   0xf               src/asf/common/boards/init.o
mSeconds            0x2               src/tasks/isr.o
fc                  0x6b              src/asf/common/boards/init.o
THS_Beacon          0xce              src/asf/common/boards/init.o
Commanded_THS_interval_seconds
                    0x2               src/asf/common/boards/init.o
ACK                 0x3               src/asf/common/boards/init.o
radio_tx_data       0x208             src/asf/common/boards/init.o
THS_Seconds_counter
                    0x2               src/tasks/isr.o
xosc_recovey        0x1               src/tasks/isr.o
gps_rx_data         0x5a              src/asf/common/boards/init.o
power_tx_data       0xc8              src/asf/common/boards/init.o

Discarded input sections

 .bss           0x00000000        0x0 c:/program files/atmel/atmel toolchain/avr8 gcc/native/3.4.2.1002/avr8-gnu-toolchain/bin/../lib/gcc/avr/4.7.2/../../../../avr/lib/avrxmega6/crtx128a3.o
 .group         0x00000000        0x8 src/asf/common/boards/init.o
 .group         0x00000000        0x8 src/asf/common/boards/init.o
 .group         0x00000000        0x8 src/asf/common/boards/init.o
 .group         0x00000000        0x8 src/asf/common/boards/init.o
 .group         0x00000000        0x8 src/asf/common/boards/init.o
 .group         0x00000000        0x8 src/asf/common/boards/init.o
 .group         0x00000000        0x8 src/asf/common/boards/init.o
 .group         0x00000000        0x8 src/asf/common/boards/init.o
 .group         0x00000000        0x8 src/asf/common/boards/init.o
 .group         0x00000000        0x8 src/asf/common/boards/init.o
 .group         0x00000000        0x8 src/asf/common/boards/init.o
 .group         0x00000000        0x8 src/asf/common/boards/init.o
 .group         0x00000000        0x8 src/asf/common/boards/init.o
 .group         0x00000000        0x8 src/asf/common/boards/init.o
 .group         0x00000000        0x8 src/asf/common/boards/init.o
 .group         0x00000000        0x8 src/asf/common/boards/init.o
 .group         0x00000000        0x8 src/asf/common/boards/init.o
 .group         0x00000000        0x8 src/asf/common/boards/init.o
 .group         0x00000000        0x8 src/asf/common/boards/init.o
 .group         0x00000000        0x8 src/asf/common/boards/init.o
[...]
Memory Configuration

Name             Origin             Length             Attributes
text             0x00000000         0x00100000         xr
data             0x00802000         0x0000ffa0         rw !x
eeprom           0x00810000         0x00010000         rw !x
fuse             0x00820000         0x00000400         rw !x
lock             0x00830000         0x00000400         rw !x
signature        0x00840000         0x00000400         rw !x
user_signatures  0x00850000         0x00000400         rw !x
*default*        0x00000000         0xffffffff

Linker script and memory map

LOAD c:/program files/atmel/atmel toolchain/avr8 gcc/native/3.4.2.1002/avr8-gnu-toolchain/bin/../lib/gcc/avr/4.7.2/../../../../avr/lib/avrxmega6/crtx128a3.o
LOAD src/asf/common/boards/init.o
LOAD src/asf/common/services/clock/xmega/sysclk.o
LOAD src/asf/common/services/serial/usart_serial.o
LOAD src/asf/xmega/drivers/cpu/ccp.o
LOAD src/asf/xmega/drivers/ioport/ioport.o
LOAD src/asf/xmega/drivers/usart/usart.o
LOAD src/main.o
LOAD src/memory/dma_driver.o
LOAD src/memory/memory.o
LOAD src/scheduler/scheduler.o
LOAD src/tasks/isr.o
LOAD src/tasks/tasks.o
LOAD src/vcp/crclib.o
LOAD src/vcp/vcp_library.o
START GROUP
LOAD c:/program files/atmel/atmel toolchain/avr8 gcc/native/3.4.2.1002/avr8-gnu-toolchain/bin/../lib/gcc/avr/4.7.2/../../../../avr/lib/avrxmega6\libm.a
END GROUP
LOAD c:/program files/atmel/atmel toolchain/avr8 gcc/native/3.4.2.1002/avr8-gnu-toolchain/bin/../lib/gcc/avr/4.7.2/avrxmega6\libgcc.a
LOAD c:/program files/atmel/atmel toolchain/avr8 gcc/native/3.4.2.1002/avr8-gnu-toolchain/bin/../lib/gcc/avr/4.7.2/../../../../avr/lib/avrxmega6\libc.a
LOAD c:/program files/atmel/atmel toolchain/avr8 gcc/native/3.4.2.1002/avr8-gnu-toolchain/bin/../lib/gcc/avr/4.7.2/avrxmega6\libgcc.a

.hash
 *(.hash)

.dynsym
 *(.dynsym)

.dynstr
 *(.dynstr)

.gnu.version
 *(.gnu.version)

.gnu.version_d
 *(.gnu.version_d)

.gnu.version_r
 *(.gnu.version_r)

.rel.init
 *(.rel.init)

.rela.init
 *(.rela.init)

.rel.text
 *(.rel.text)
 *(.rel.text.*)
 *(.rel.gnu.linkonce.t*)

.rela.text
 *(.rela.text)
 *(.rela.text.*)
 *(.rela.gnu.linkonce.t*)

.rel.fini
 *(.rel.fini)

.rela.fini
 *(.rela.fini)

.rel.rodata
 *(.rel.rodata)
 *(.rel.rodata.*)
 *(.rel.gnu.linkonce.r*)

.rela.rodata
 *(.rela.rodata)
 *(.rela.rodata.*)
 *(.rela.gnu.linkonce.r*)

.rel.data
 *(.rel.data)
 *(.rel.data.*)
 *(.rel.gnu.linkonce.d*)

.rela.data
 *(.rela.data)
 *(.rela.data.*)
 *(.rela.gnu.linkonce.d*)

.rel.ctors
 *(.rel.ctors)

.rela.ctors
 *(.rela.ctors)

.rel.dtors
 *(.rel.dtors)

.rela.dtors
 *(.rela.dtors)

.rel.got
 *(.rel.got)

.rela.got
 *(.rela.got)

.rel.bss
 *(.rel.bss)

.rela.bss
 *(.rela.bss)

.rel.plt
 *(.rel.plt)

.rela.plt
 *(.rela.plt)

.text           0x00000000     0x2f4c
 *(.vectors)
 .vectors       0x00000000      0x1e8 c:/program files/atmel/atmel toolchain/avr8 gcc/native/3.4.2.1002/avr8-gnu-toolchain/bin/../lib/gcc/avr/4.7.2/../../../../avr/lib/avrxmega6/crtx128a3.o
                0x00000000                __vector_default
                0x00000000                __vectors
 *(.vectors)
 *(.progmem.gcc*)
 *(.progmem*)
                0x000001e8                . = ALIGN (0x2)
                0x000001e8                __trampolines_start = .
 *(.trampolines)
 .trampolines   0x000001e8        0x0 linker stubs
 *(.trampolines*)
                0x000001e8                __trampolines_end = .
 *(.jumptables)
 *(.jumptables*)
 *(.lowtext)
 *(.lowtext*)
                0x000001e8                __ctors_start = .
 *(.ctors)
                0x000001e8                __ctors_end = .
                0x000001e8                __dtors_start = .
 *(.dtors)
                0x000001e8                __dtors_end = .
 SORT(*)(.ctors)
 SORT(*)(.dtors)
 *(.init0)
 .init0         0x000001e8        0x0 c:/program files/atmel/atmel toolchain/avr8 gcc/native/3.4.2.1002/avr8-gnu-toolchain/bin/../lib/gcc/avr/4.7.2/../../../../avr/lib/avrxmega6/crtx128a3.o
                0x000001e8                __init
 *(.init0)
 *(.init1)
 *(.init1)
 *(.init2)
 .init2         0x000001e8       0x10 c:/program files/atmel/atmel toolchain/avr8 gcc/native/3.4.2.1002/avr8-gnu-toolchain/bin/../lib/gcc/avr/4.7.2/../../../../avr/lib/avrxmega6/crtx128a3.o
 *(.init2)
 *(.init3)
 *(.init3)
 *(.init4)
 .init4         0x000001f8       0x10 c:/program files/atmel/atmel toolchain/avr8 gcc/native/3.4.2.1002/avr8-gnu-toolchain/bin/../lib/gcc/avr/4.7.2/avrxmega6\libgcc.a(_clear_bss.o)
                0x000001f8                __do_clear_bss
 *(.init4)
 *(.init5)
 *(.init5)
 *(.init6)
 *(.init6)
 *(.init7)
 *(.init7)
 *(.init8)
 *(.init8)
 *(.init9)
 .init9         0x00000208        0x6 c:/program files/atmel/atmel toolchain/avr8 gcc/native/3.4.2.1002/avr8-gnu-toolchain/bin/../lib/gcc/avr/4.7.2/../../../../avr/lib/avrxmega6/crtx128a3.o
 *(.init9)
 *(.text)
 .text          0x0000020e        0x2 c:/program files/atmel/atmel toolchain/avr8 gcc/native/3.4.2.1002/avr8-gnu-toolchain/bin/../lib/gcc/avr/4.7.2/../../../../avr/lib/avrxmega6/crtx128a3.o
                0x0000020e                __vector_38
                0x0000020e                __vector_104
                0x0000020e                __vector_22
                0x0000020e                __vector_63
                0x0000020e                __vector_67
                0x0000020e                __vector_119
                0x0000020e                __vector_32
                0x0000020e                __vector_75
                0x0000020e                __vector_71
                0x0000020e                __vector_91
                0x0000020e                __vector_34
                0x0000020e                __vector_62
                0x0000020e                __vector_77
                0x0000020e                __vector_102
                0x0000020e                __vector_24
                0x0000020e                __vector_12
                0x0000020e                __vector_55
                0x0000020e                __vector_69
                0x0000020e                __vector_81
                0x0000020e                __vector_90
                0x0000020e                __vector_46
                0x0000020e                __bad_interrupt
                0x0000020e                __vector_72
                0x0000020e                __vector_114
                0x0000020e                __vector_6
                0x0000020e                __vector_110
                0x0000020e                __vector_31
                0x0000020e                __vector_92
                0x0000020e                __vector_35
                0x0000020e                __vector_78
                0x0000020e                __vector_74
                0x0000020e                __vector_117
                0x0000020e                __vector_39
                0x0000020e                __vector_107
                0x0000020e                __vector_3
                0x0000020e                __vector_105
                0x0000020e                __vector_98
                0x0000020e                __vector_23
                0x0000020e                __vector_68
                0x0000020e                __vector_30
                0x0000020e                __vector_73
                0x0000020e                __vector_45
                0x0000020e                __vector_93
                0x0000020e                __vector_11
                0x0000020e                __vector_54
                0x0000020e                __vector_99
                0x0000020e                __vector_13
                0x0000020e                __vector_17
                0x0000020e                __vector_19
                0x0000020e                __vector_56
                0x0000020e                __vector_7
                0x0000020e                __vector_49
                0x0000020e                __vector_41
                0x0000020e                __vector_86
                0x0000020e                __vector_100
                0x0000020e                __vector_101
                0x0000020e                __vector_64
                0x0000020e                __vector_109
                0x0000020e                __vector_43
                0x0000020e                __vector_27
                0x0000020e                __vector_5
                0x0000020e                __vector_113
                0x0000020e                __vector_33
                0x0000020e                __vector_76
                0x0000020e                __vector_115
                0x0000020e                __vector_47
                0x0000020e                __vector_52
                0x0000020e                __vector_37
                0x0000020e                __vector_95
                0x0000020e                __vector_103
                0x0000020e                __vector_96
                0x0000020e                __vector_89
                0x0000020e                __vector_108
                0x0000020e                __vector_4
                0x0000020e                __vector_44
                0x0000020e                __vector_82
                0x0000020e                __vector_106
                0x0000020e                __vector_118
                0x0000020e                __vector_51
                0x0000020e                __vector_9
                0x0000020e                __vector_2
                0x0000020e                __vector_21
                0x0000020e                __vector_15
                0x0000020e                __vector_66
                0x0000020e                __vector_36
                0x0000020e                __vector_79
                0x0000020e                __vector_70
                0x0000020e                __vector_83
                0x0000020e                __vector_29
                0x0000020e                __vector_60
                0x0000020e                __vector_121
                0x0000020e                __vector_40
                0x0000020e                __vector_85
                0x0000020e                __vector_94
                0x0000020e                __vector_8
                0x0000020e                __vector_26
                0x0000020e                __vector_48
                0x0000020e                __vector_116
                0x0000020e                __vector_112
                0x0000020e                __vector_111
                0x0000020e                __vector_80
                0x0000020e                __vector_84
                0x0000020e                __vector_57
                0x0000020e                __vector_53
                0x0000020e                __vector_10
                0x0000020e                __vector_50
                0x0000020e                __vector_16
                0x0000020e                __vector_59
                0x0000020e                __vector_18
                0x0000020e                __vector_97
                0x0000020e                __vector_20
                0x0000020e                __vector_42
                0x0000020e                __vector_87
                0x0000020e                __vector_65
                0x0000020e                __vector_120
                0x00000210                . = ALIGN (0x2)
 *(.text.*)
 .text.usart_set_rx_interrupt_level
                0x00000210       0x3a src/asf/common/boards/init.o
 .text.sysclk_enable_peripheral_clock
                0x0000024a      0x30c src/asf/common/boards/init.o
 .text.usart_serial_init
                0x00000556      0x11a src/asf/common/boards/init.o
 .text.board_init
                0x00000670       0x20 src/asf/common/boards/init.o
                0x00000670                board_init
 .text.clock_init
                0x00000690       0x62 src/asf/common/boards/init.o
                0x00000690                clock_init
 .text.usart_init
                0x000006f2      0x118 src/asf/common/boards/init.o
                0x000006f2                usart_init
 .text.interrupts_init
                0x0000080a       0x2c src/asf/common/boards/init.o
                0x0000080a                interrupts_init
 .text.io_init  0x00000836       0x5e src/asf/common/boards/init.o
                0x00000836                io_init
 .text.timers_init
                0x00000894       0x4a src/asf/common/boards/init.o
                0x00000894                timers_init
 .text.cdhib_init
                0x000008de       0x42 src/asf/common/boards/init.o
                0x000008de                cdhib_init
 .text.switch_to_ext_osc
                0x00000920       0x68 src/asf/common/boards/init.o
                0x00000920                switch_to_ext_osc
 .text.cpu_irq_save
                0x00000988       0x20 src/asf/common/services/clock/xmega/sysclk.o
 .text.cpu_irq_restore
                0x000009a8       0x1e src/asf/common/services/clock/xmega/sysclk.o
 .text.sysclk_enable_module
                0x000009c6       0x46 src/asf/common/services/clock/xmega/sysclk.o
                0x000009c6                sysclk_enable_module
 .text.ccp_write_io
                0x00000a0c        0xc src/asf/xmega/drivers/cpu/ccp.o
                0x00000a0c                ccp_write_io
 .text.usart_rx_enable
                0x00000a18       0x2e src/asf/xmega/drivers/usart/usart.o
 .text.usart_format_set
                0x00000a46       0x46 src/asf/xmega/drivers/usart/usart.o
 .text.usart_tx_enable
                0x00000a8c       0x2e src/asf/xmega/drivers/usart/usart.o
 .text.usart_set_mode
                0x00000aba       0x3a src/asf/xmega/drivers/usart/usart.o
 .text.sysclk_get_main_hz
                0x00000af4       0x1a src/asf/xmega/drivers/usart/usart.o
 .text.sysclk_get_per4_hz
                0x00000b0e       0x34 src/asf/xmega/drivers/usart/usart.o
 .text.sysclk_get_per2_hz
                0x00000b42       0x18 src/asf/xmega/drivers/usart/usart.o
 .text.sysclk_get_per_hz
                0x00000b5a       0x18 src/asf/xmega/drivers/usart/usart.o
 .text.usart_enable_module_clock
                0x00000b72       0xba src/asf/xmega/drivers/usart/usart.o
 .text.usart_init_rs232
                0x00000c2c       0x8a src/asf/xmega/drivers/usart/usart.o
                0x00000c2c                usart_init_rs232
 .text.usart_set_baudrate
                0x00000cb6      0x358 src/asf/xmega/drivers/usart/usart.o
                0x00000cb6                usart_set_baudrate
 .text.main     0x0000100e       0x16 src/main.o
                0x0000100e                main
 .text.DMA_SetPriority
                0x00001024       0x32 src/memory/dma_driver.o
                0x00001024                DMA_SetPriority
 .text.DMA_EnableChannel
                0x00001056       0x2e src/memory/dma_driver.o
                0x00001056                DMA_EnableChannel
 .text.DMA_SetupBlock
                0x00001084      0x114 src/memory/dma_driver.o
                0x00001084                DMA_SetupBlock
 .text.DMA_EnableSingleShot
                0x00001198       0x2e src/memory/dma_driver.o
                0x00001198                DMA_EnableSingleShot
 .text.DMA_SetTriggerSource
                0x000011c6       0x26 src/memory/dma_driver.o
                0x000011c6                DMA_SetTriggerSource
 .text.sysclk_enable_peripheral_clock
                0x000011ec      0x30c src/memory/memory.o
 .text.__iCliRetVal
                0x000014f8       0x12 src/memory/memory.o
 .text.__iRestore
                0x0000150a       0x2a src/memory/memory.o
 .text.RingBuffer_InitBuffer
                0x00001534       0x6a src/memory/memory.o
 .text.Queue_RingBuffer_InitBuffer
                0x0000159e       0x5e src/memory/memory.o
 .text.RingBuffer_GetCount
                0x000015fc       0x4c src/memory/memory.o
 .text.RingBuffer_IsEmpty
                0x00001648       0x2a src/memory/memory.o
 .text.Queue_RingBuffer_Insert
                0x00001672       0xa0 src/memory/memory.o
 .text.RingBuffer_Remove
                0x00001712       0xbe src/memory/memory.o
 .text.memory_init
                0x000017d0      0x1a0 src/memory/memory.o
                0x000017d0                memory_init
 .text.dma_init
                0x00001970       0x84 src/memory/memory.o
                0x00001970                dma_init
 .text.read_VCP_receive_buff
                0x000019f4      0x1e2 src/memory/memory.o
                0x000019f4                read_VCP_receive_buff
 .text.DMA_transmit
                0x00001bd6       0xc4 src/memory/memory.o
                0x00001bd6                DMA_transmit
 .text.VCP_DMA_transmit
                0x00001c9a       0xbc src/memory/memory.o
                0x00001c9a                VCP_DMA_transmit
 .text.scheduler
                0x00001d56       0x16 src/scheduler/scheduler.o
                0x00001d56                scheduler
 .text.__iCliRetVal
                0x00001d6c       0x12 src/tasks/isr.o
 .text.__iRestore
                0x00001d7e       0x2a src/tasks/isr.o
 .text.RingBuffer_GetCount
                0x00001da8       0x4c src/tasks/isr.o
 .text.RingBuffer_IsFull
                0x00001df4       0x2a src/tasks/isr.o
 .text.RingBuffer_Insert
                0x00001e1e       0xbe src/tasks/isr.o
 .text.__vector_1
                0x00001edc       0x64 src/tasks/isr.o
                0x00001edc                __vector_1
 .text.__vector_14
                0x00001f40       0x7e src/tasks/isr.o
                0x00001f40                __vector_14
 .text.__vector_25
                0x00001fbe       0xa2 src/tasks/isr.o
                0x00001fbe                __vector_25
 .text.__vector_28
                0x00002060       0xa2 src/tasks/isr.o
                0x00002060                __vector_28
 .text.__vector_61
                0x00002102       0xa2 src/tasks/isr.o
                0x00002102                __vector_61
 .text.__vector_58
                0x000021a4       0xa2 src/tasks/isr.o
                0x000021a4                __vector_58
 .text.__vector_88
                0x00002246       0xa2 src/tasks/isr.o
                0x00002246                __vector_88
 .text.__iCliRetVal
                0x000022e8       0x12 src/tasks/tasks.o
 .text.__iRestore
                0x000022fa       0x2a src/tasks/tasks.o
 .text.Queue_RingBuffer_GetCount
                0x00002324       0x48 src/tasks/tasks.o
 .text.Queue_RingBuffer_IsEmpty
                0x0000236c       0x2a src/tasks/tasks.o
 .text.Queue_RingBuffer_Insert
                0x00002396       0xa0 src/tasks/tasks.o
 .text.Queue_RingBuffer_Remove
                0x00002436       0xa0 src/tasks/tasks.o
 .text.gps_task
                0x000024d6       0x34 src/tasks/tasks.o
                0x000024d6                gps_task
 .text.power_task
                0x0000250a       0x34 src/tasks/tasks.o
                0x0000250a                power_task
 .text.fc_task  0x0000253e      0x1ae src/tasks/tasks.o
                0x0000253e                fc_task
 .text.cdhib_task
                0x000026ec      0x102 src/tasks/tasks.o
                0x000026ec                cdhib_task
 .text.radio_task
                0x000027ee      0x11e src/tasks/tasks.o
                0x000027ee                radio_task
 .text.tcap_task
                0x0000290c        0xe src/tasks/tasks.o
                0x0000290c                tcap_task
 .text.append_crc16
                0x0000291a       0x8c src/vcp/crclib.o
                0x0000291a                append_crc16
 .text.vcpptr_init
                0x000029a6       0x64 src/vcp/vcp_library.o
                0x000029a6                vcpptr_init
 .text.Create_VCP_frame
                0x00002a0a      0x256 src/vcp/vcp_library.o
                0x00002a0a                Create_VCP_frame
 .text.Receive_VCP_byte
                0x00002c60      0x292 src/vcp/vcp_library.o
                0x00002c60                Receive_VCP_byte
 .text.libgcc.div
                0x00002ef2       0x44 c:/program files/atmel/atmel toolchain/avr8 gcc/native/3.4.2.1002/avr8-gnu-toolchain/bin/../lib/gcc/avr/4.7.2/avrxmega6\libgcc.a(_udivmodsi4.o)
                0x00002ef2                __udivmodsi4
 .text.avr-libc
                0x00002f36       0x12 c:/program files/atmel/atmel toolchain/avr8 gcc/native/3.4.2.1002/avr8-gnu-toolchain/bin/../lib/gcc/avr/4.7.2/../../../../avr/lib/avrxmega6\libc.a(memcpy.o)
                0x00002f36                memcpy
                0x00002f48                . = ALIGN (0x2)
 *(.fini9)
 .fini9         0x00002f48        0x0 c:/program files/atmel/atmel toolchain/avr8 gcc/native/3.4.2.1002/avr8-gnu-toolchain/bin/../lib/gcc/avr/4.7.2/avrxmega6\libgcc.a(_exit.o)
                0x00002f48                _exit
                0x00002f48                exit
 *(.fini9)
 *(.fini8)
 *(.fini8)
 *(.fini7)
 *(.fini7)
 *(.fini6)
 *(.fini6)
 *(.fini5)
 *(.fini5)
 *(.fini4)
 *(.fini4)
 *(.fini3)
 *(.fini3)
 *(.fini2)
 *(.fini2)
 *(.fini1)
 *(.fini1)
 *(.fini0)
 .fini0         0x00002f48        0x4 c:/program files/atmel/atmel toolchain/avr8 gcc/native/3.4.2.1002/avr8-gnu-toolchain/bin/../lib/gcc/avr/4.7.2/avrxmega6\libgcc.a(_exit.o)
 *(.fini0)
                0x00002f4c                _etext = .

.data           0x00802000        0x0 load address 0x00002f4c
                0x00802000                PROVIDE (__data_start, .)
 *(.data)
 .data          0x00802000        0x0 c:/program files/atmel/atmel toolchain/avr8 gcc/native/3.4.2.1002/avr8-gnu-toolchain/bin/../lib/gcc/avr/4.7.2/../../../../avr/lib/avrxmega6/crtx128a3.o
 .data          0x00802000        0x0 src/asf/common/boards/init.o
 .data          0x00802000        0x0 src/asf/common/services/clock/xmega/sysclk.o
 .data          0x00802000        0x0 src/asf/common/services/serial/usart_serial.o
 .data          0x00802000        0x0 src/asf/xmega/drivers/cpu/ccp.o
 .data          0x00802000        0x0 src/asf/xmega/drivers/ioport/ioport.o
 .data          0x00802000        0x0 src/asf/xmega/drivers/usart/usart.o
 .data          0x00802000        0x0 src/main.o
 .data          0x00802000        0x0 src/memory/dma_driver.o
 .data          0x00802000        0x0 src/memory/memory.o
 .data          0x00802000        0x0 src/scheduler/scheduler.o
 .data          0x00802000        0x0 src/tasks/isr.o
 .data          0x00802000        0x0 src/tasks/tasks.o
 .data          0x00802000        0x0 src/vcp/crclib.o
 .data          0x00802000        0x0 src/vcp/vcp_library.o
 .data          0x00802000        0x0 c:/program files/atmel/atmel toolchain/avr8 gcc/native/3.4.2.1002/avr8-gnu-toolchain/bin/../lib/gcc/avr/4.7.2/avrxmega6\libgcc.a(_udivmodsi4.o)
 .data          0x00802000        0x0 c:/program files/atmel/atmel toolchain/avr8 gcc/native/3.4.2.1002/avr8-gnu-toolchain/bin/../lib/gcc/avr/4.7.2/avrxmega6\libgcc.a(_exit.o)
 .data          0x00802000        0x0 c:/program files/atmel/atmel toolchain/avr8 gcc/native/3.4.2.1002/avr8-gnu-toolchain/bin/../lib/gcc/avr/4.7.2/avrxmega6\libgcc.a(_clear_bss.o)
 .data          0x00802000        0x0 c:/program files/atmel/atmel toolchain/avr8 gcc/native/3.4.2.1002/avr8-gnu-toolchain/bin/../lib/gcc/avr/4.7.2/../../../../avr/lib/avrxmega6\libc.a(memcpy.o)
 *(.data*)
 *(.rodata)
 *(.rodata*)
 *(.gnu.linkonce.d*)
                0x00802000                . = ALIGN (0x2)
                0x00802000                _edata = .
                0x00802000                PROVIDE (__data_end, .)

.bss            0x00802000      0xcba
                0x00802000                PROVIDE (__bss_start, .)
 *(.bss)
 *(.bss*)
 *(COMMON)
 COMMON         0x00802000      0xcaf src/asf/common/boards/init.o
                0x00802000                PWR_NOOP
                0x00802001                gps
                0x0080206c                Radio_Command_packet
                0x0080206f                sun_tx_data
                0x0080216f                External_THS_trigger
                0x00802170                power
                0x008021db                FC_command_received
                0x008021dc                radio_rx_data
                0x008022ea                sun_rx_data
                0x008023ea                power_rx_data
                0x00802458                Radio_command_received
                0x00802459                FC_packet
                0x0080247a                sun
                0x008024e5                cdhib
                0x00802550                radio_queue_ringbuff
                0x0080255f                fc_tx_data
                0x00802767                radio
                0x008027d2                fc_rx_data
                0x00802836                THS_interval_seconds
                0x00802838                fc_queue_ringbuff
                0x00802847                fc
                0x008028b2                THS_Beacon
                0x00802980                Commanded_THS_interval_seconds
                0x00802982                ACK
                0x00802985                radio_tx_data
                0x00802b8d                gps_rx_data
                0x00802be7                power_tx_data
 COMMON         0x00802caf        0xb src/tasks/isr.o
                0x00802caf                j
                0x00802cb1                PWR_WDOG_Seconds_counter
                0x00802cb3                i
                0x00802cb5                mSeconds
                0x00802cb7                THS_Seconds_counter
                0x00802cb9                xosc_recovey
                0x00802cba                PROVIDE (__bss_end, .)
                0x00002f4c                __data_load_start = LOADADDR (.data)
                0x00002f4c                __data_load_end = (__data_load_start + SIZEOF (.data))

.noinit         0x00802cba        0x0
                0x00802cba                PROVIDE (__noinit_start, .)
 *(.noinit*)
                0x00802cba                PROVIDE (__noinit_end, .)
                0x00802cba                _end = .
                0x00802cba                PROVIDE (__heap_start, .)

.eeprom         0x00810000        0x0
 *(.eeprom*)
                0x00810000                __eeprom_end = .

.fuse
 *(.fuse)
 *(.lfuse)
 *(.hfuse)
 *(.efuse)

.lock
 *(.lock*)

.signature
 *(.signature*)

.user_signatures
 *(.user_signatures*)

.stab           0x00000000      0x768
 *(.stab)
 .stab          0x00000000      0x6e4 c:/program files/atmel/atmel toolchain/avr8 gcc/native/3.4.2.1002/avr8-gnu-toolchain/bin/../lib/gcc/avr/4.7.2/../../../../avr/lib/avrxmega6/crtx128a3.o
 .stab          0x000006e4       0x84 c:/program files/atmel/atmel toolchain/avr8 gcc/native/3.4.2.1002/avr8-gnu-toolchain/bin/../lib/gcc/avr/4.7.2/../../../../avr/lib/avrxmega6\libc.a(memcpy.o)
                                 0x90 (size before relaxing)

.stabstr        0x00000000      0x10b
 *(.stabstr)
 .stabstr       0x00000000      0x10b c:/program files/atmel/atmel toolchain/avr8 gcc/native/3.4.2.1002/avr8-gnu-toolchain/bin/../lib/gcc/avr/4.7.2/../../../../avr/lib/avrxmega6/crtx128a3.o

.stab.excl
 *(.stab.excl)

.stab.exclstr
 *(.stab.exclstr)

.stab.index
 *(.stab.index)

.stab.indexstr
 *(.stab.indexstr)

.comment        0x00000000       0x2f
 *(.comment)
 .comment       0x00000000       0x2f src/asf/common/boards/init.o
                                 0x30 (size before relaxing)
 .comment       0x00000000       0x30 src/asf/common/services/clock/xmega/sysclk.o
 .comment       0x00000000       0x30 src/asf/common/services/serial/usart_serial.o
 .comment       0x00000000       0x30 src/asf/xmega/drivers/ioport/ioport.o
 .comment       0x00000000       0x30 src/asf/xmega/drivers/usart/usart.o
 .comment       0x00000000       0x30 src/main.o
 .comment       0x00000000       0x30 src/memory/dma_driver.o
 .comment       0x00000000       0x30 src/memory/memory.o
 .comment       0x00000000       0x30 src/scheduler/scheduler.o
 .comment       0x00000000       0x30 src/tasks/isr.o
 .comment       0x00000000       0x30 src/tasks/tasks.o
 .comment       0x00000000       0x30 src/vcp/crclib.o
 .comment       0x00000000       0x30 src/vcp/vcp_library.o

.debug
 *(.debug)

.line
 *(.line)

.debug_srcinfo
 *(.debug_srcinfo)

.debug_sfnames
 *(.debug_sfnames)

.debug_aranges  0x00000000      0x498
 *(.debug_aranges)
 .debug_aranges
                0x00000000       0x70 src/asf/common/boards/init.o
 .debug_aranges
                0x00000070       0x40 src/asf/common/services/clock/xmega/sysclk.o
 .debug_aranges
                0x000000b0       0x28 src/asf/common/services/serial/usart_serial.o
 .debug_aranges
                0x000000d8       0x20 src/asf/xmega/drivers/cpu/ccp.o
 .debug_aranges
                0x000000f8       0x20 src/asf/xmega/drivers/ioport/ioport.o
 .debug_aranges
                0x00000118       0xb0 src/asf/xmega/drivers/usart/usart.o
 .debug_aranges
                0x000001c8       0x20 src/main.o
 .debug_aranges
                0x000001e8       0xa0 src/memory/dma_driver.o
 .debug_aranges
                0x00000288       0x98 src/memory/memory.o
 .debug_aranges
                0x00000320       0x20 src/scheduler/scheduler.o
 .debug_aranges
                0x00000340       0x78 src/tasks/isr.o
 .debug_aranges
                0x000003b8       0x88 src/tasks/tasks.o
 .debug_aranges
                0x00000440       0x28 src/vcp/crclib.o
 .debug_aranges
                0x00000468       0x30 src/vcp/vcp_library.o

.debug_pubnames
 *(.debug_pubnames)

.debug_info     0x00000000     0xa4b6
 *(.debug_info)
 .debug_info    0x00000000     0x2981 src/asf/common/boards/init.o
 .debug_info    0x00002981      0x35d src/asf/common/services/clock/xmega/sysclk.o
 .debug_info    0x00002cde      0x258 src/asf/common/services/serial/usart_serial.o
 .debug_info    0x00002f36       0x5c src/asf/xmega/drivers/cpu/ccp.o
 .debug_info    0x00002f92      0x10a src/asf/xmega/drivers/ioport/ioport.o
 .debug_info    0x0000309c      0x980 src/asf/xmega/drivers/usart/usart.o
 .debug_info    0x00003a1c      0xb90 src/main.o
 .debug_info    0x000045ac      0x91f src/memory/dma_driver.o
 .debug_info    0x00004ecb     0x29d2 src/memory/memory.o
 .debug_info    0x0000789d      0xb8c src/scheduler/scheduler.o
 .debug_info    0x00008429      0xe4d src/tasks/isr.o
 .debug_info    0x00009276      0xe48 src/tasks/tasks.o
 .debug_info    0x0000a0be      0x17f src/vcp/crclib.o
 .debug_info    0x0000a23d      0x279 src/vcp/vcp_library.o
 *(.gnu.linkonce.wi.*)

.debug_abbrev   0x00000000     0x1448
 *(.debug_abbrev)
 .debug_abbrev  0x00000000      0x25c src/asf/common/boards/init.o
 .debug_abbrev  0x0000025c      0x13c src/asf/common/services/clock/xmega/sysclk.o
 .debug_abbrev  0x00000398       0xd0 src/asf/common/services/serial/usart_serial.o
 .debug_abbrev  0x00000468       0x14 src/asf/xmega/drivers/cpu/ccp.o
 .debug_abbrev  0x0000047c       0x7b src/asf/xmega/drivers/ioport/ioport.o
 .debug_abbrev  0x000004f7      0x242 src/asf/xmega/drivers/usart/usart.o
 .debug_abbrev  0x00000739      0x148 src/main.o
 .debug_abbrev  0x00000881      0x176 src/memory/dma_driver.o
 .debug_abbrev  0x000009f7      0x2b1 src/memory/memory.o
 .debug_abbrev  0x00000ca8      0x146 src/scheduler/scheduler.o
 .debug_abbrev  0x00000dee      0x217 src/tasks/isr.o
 .debug_abbrev  0x00001005      0x292 src/tasks/tasks.o
 .debug_abbrev  0x00001297       0xb5 src/vcp/crclib.o
 .debug_abbrev  0x0000134c       0xfc src/vcp/vcp_library.o

.debug_line     0x00000000     0x6b25
 *(.debug_line)
 .debug_line    0x00000000      0xc74 src/asf/common/boards/init.o
 .debug_line    0x00000c74      0x57d src/asf/common/services/clock/xmega/sysclk.o
 .debug_line    0x000011f1      0x5df src/asf/common/services/serial/usart_serial.o
 .debug_line    0x000017d0       0x6e src/asf/xmega/drivers/cpu/ccp.o
 .debug_line    0x0000183e      0x424 src/asf/xmega/drivers/ioport/ioport.o
 .debug_line    0x00001c62      0xa07 src/asf/xmega/drivers/usart/usart.o
 .debug_line    0x00002669      0x841 src/main.o
 .debug_line    0x00002eaa      0x831 src/memory/dma_driver.o
 .debug_line    0x000036db      0xea3 src/memory/memory.o
 .debug_line    0x0000457e      0x87a src/scheduler/scheduler.o
 .debug_line    0x00004df8      0xa1f src/tasks/isr.o
 .debug_line    0x00005817      0xc75 src/tasks/tasks.o
 .debug_line    0x0000648c      0x26e src/vcp/crclib.o
 .debug_line    0x000066fa      0x42b src/vcp/vcp_library.o

.debug_frame    0x00000000     0x108c
 *(.debug_frame)
 .debug_frame   0x00000000      0x174 src/asf/common/boards/init.o
 .debug_frame   0x00000174       0xb4 src/asf/common/services/clock/xmega/sysclk.o
 .debug_frame   0x00000228       0x54 src/asf/common/services/serial/usart_serial.o
 .debug_frame   0x0000027c       0x34 src/asf/xmega/drivers/ioport/ioport.o
 .debug_frame   0x000002b0      0x2ac src/asf/xmega/drivers/usart/usart.o
 .debug_frame   0x0000055c       0x34 src/main.o
 .debug_frame   0x00000590      0x268 src/memory/dma_driver.o
 .debug_frame   0x000007f8      0x260 src/memory/memory.o
 .debug_frame   0x00000a58       0x34 src/scheduler/scheduler.o
 .debug_frame   0x00000a8c      0x358 src/tasks/isr.o
 .debug_frame   0x00000de4      0x1d4 src/tasks/tasks.o
 .debug_frame   0x00000fb8       0x54 src/vcp/crclib.o
 .debug_frame   0x0000100c       0x80 src/vcp/vcp_library.o

.debug_str      0x00000000    0x20038
 *(.debug_str)
 .debug_str     0x00000000    0x1e30c src/asf/common/boards/init.o
                              0x1eb5f (size before relaxing)
 .debug_str     0x0001e30c       0xe9 src/asf/common/services/clock/xmega/sysclk.o
                              0x1c80b (size before relaxing)
 .debug_str     0x0001e3f5      0x137 src/asf/common/services/serial/usart_serial.o
                              0x1c6f7 (size before relaxing)
 .debug_str     0x0001e52c      0x57f src/asf/xmega/drivers/ioport/ioport.o
                              0x1c061 (size before relaxing)
 .debug_str     0x0001eaab      0x2c3 src/asf/xmega/drivers/usart/usart.o
                              0x1d270 (size before relaxing)
 .debug_str     0x0001ed6e       0xe3 src/main.o
                              0x1de6a (size before relaxing)
 .debug_str     0x0001ee51      0x69a src/memory/dma_driver.o
                              0x1ce63 (size before relaxing)
 .debug_str     0x0001f4eb      0x8da src/memory/memory.o
                              0x1f0cc (size before relaxing)
 .debug_str     0x0001fdc5       0x27 src/scheduler/scheduler.o
                              0x1de7e (size before relaxing)
 .debug_str     0x0001fdec       0xae src/tasks/isr.o
                              0x1de8c (size before relaxing)
 .debug_str     0x0001fe9a       0x8e src/tasks/tasks.o
                              0x1decb (size before relaxing)
 .debug_str     0x0001ff28       0x54 src/vcp/crclib.o
                               0x2df6 (size before relaxing)
 .debug_str     0x0001ff7c       0xbc src/vcp/vcp_library.o
                               0x3046 (size before relaxing)

.debug_loc      0x00000000     0x2235
 *(.debug_loc)
 .debug_loc     0x00000000      0x2bb src/asf/common/boards/init.o
 .debug_loc     0x000002bb      0x168 src/asf/common/services/clock/xmega/sysclk.o
 .debug_loc     0x00000423       0x90 src/asf/common/services/serial/usart_serial.o
 .debug_loc     0x000004b3       0x48 src/asf/xmega/drivers/ioport/ioport.o
 .debug_loc     0x000004fb      0x5af src/asf/xmega/drivers/usart/usart.o
 .debug_loc     0x00000aaa       0x3b src/main.o
 .debug_loc     0x00000ae5      0x549 src/memory/dma_driver.o
 .debug_loc     0x0000102e      0x4ff src/memory/memory.o
 .debug_loc     0x0000152d       0x3b src/scheduler/scheduler.o
 .debug_loc     0x00001568      0x7bc src/tasks/isr.o
 .debug_loc     0x00001d24      0x392 src/tasks/tasks.o
 .debug_loc     0x000020b6       0x8f src/vcp/crclib.o
 .debug_loc     0x00002145       0xf0 src/vcp/vcp_library.o

.debug_macinfo
 *(.debug_macinfo)

.debug_pubtypes
 *(.debug_pubtypes)

.debug_ranges   0x00000000      0x3a8
 *(.debug_ranges)
 .debug_ranges  0x00000000       0x60 src/asf/common/boards/init.o
 .debug_ranges  0x00000060       0x30 src/asf/common/services/clock/xmega/sysclk.o
 .debug_ranges  0x00000090       0x18 src/asf/common/services/serial/usart_serial.o
 .debug_ranges  0x000000a8       0x10 src/asf/xmega/drivers/ioport/ioport.o
 .debug_ranges  0x000000b8       0xa0 src/asf/xmega/drivers/usart/usart.o
 .debug_ranges  0x00000158       0x10 src/main.o
 .debug_ranges  0x00000168       0x90 src/memory/dma_driver.o
 .debug_ranges  0x000001f8       0x88 src/memory/memory.o
 .debug_ranges  0x00000280       0x10 src/scheduler/scheduler.o
 .debug_ranges  0x00000290       0x68 src/tasks/isr.o
 .debug_ranges  0x000002f8       0x78 src/tasks/tasks.o
 .debug_ranges  0x00000370       0x18 src/vcp/crclib.o
 .debug_ranges  0x00000388       0x20 src/vcp/vcp_library.o

.debug_macro    0x00000000     0x9255
 *(.debug_macro)
 .debug_macro   0x00000000      0x2df src/asf/common/boards/init.o
 .debug_macro   0x000002df      0x5ce src/asf/common/boards/init.o
 .debug_macro   0x000008ad       0x10 src/asf/common/boards/init.o
 .debug_macro   0x000008bd      0x1ad src/asf/common/boards/init.o
 .debug_macro   0x00000a6a      0x293 src/asf/common/boards/init.o
 .debug_macro   0x00000cfd       0x9e src/asf/common/boards/init.o
 .debug_macro   0x00000d9b     0x4c9f src/asf/common/boards/init.o
 .debug_macro   0x00005a3a       0x9a src/asf/common/boards/init.o
 .debug_macro   0x00005ad4       0xf1 src/asf/common/boards/init.o
 .debug_macro   0x00005bc5       0x34 src/asf/common/boards/init.o
 .debug_macro   0x00005bf9       0x18 src/asf/common/boards/init.o
 .debug_macro   0x00005c11       0x5e src/asf/common/boards/init.o
 .debug_macro   0x00005c6f       0x22 src/asf/common/boards/init.o
 .debug_macro   0x00005c91      0x16c src/asf/common/boards/init.o
 .debug_macro   0x00005dfd       0x1c src/asf/common/boards/init.o
 .debug_macro   0x00005e19       0x35 src/asf/common/boards/init.o
 .debug_macro   0x00005e4e       0x51 src/asf/common/boards/init.o
 .debug_macro   0x00005e9f       0x82 src/asf/common/boards/init.o
 .debug_macro   0x00005f21       0x17 src/asf/common/boards/init.o
 .debug_macro   0x00005f38      0x249 src/asf/common/boards/init.o
 .debug_macro   0x00006181       0x76 src/asf/common/boards/init.o
 .debug_macro   0x000061f7       0x16 src/asf/common/boards/init.o
 .debug_macro   0x0000620d      0x6d3 src/asf/common/boards/init.o
 .debug_macro   0x000068e0       0x10 src/asf/common/boards/init.o
 .debug_macro   0x000068f0      0x160 src/asf/common/boards/init.o
 .debug_macro   0x00006a50       0x40 src/asf/common/boards/init.o
 .debug_macro   0x00006a90       0x46 src/asf/common/boards/init.o
 .debug_macro   0x00006ad6       0x69 src/asf/common/boards/init.o
 .debug_macro   0x00006b3f       0x31 src/asf/common/boards/init.o
 .debug_macro   0x00006b70       0xc4 src/asf/common/boards/init.o
 .debug_macro   0x00006c34       0x16 src/asf/common/boards/init.o
 .debug_macro   0x00006c4a       0x5e src/asf/common/boards/init.o
 .debug_macro   0x00006ca8       0x2f src/asf/common/boards/init.o
 .debug_macro   0x00006cd7       0xe5 src/asf/common/boards/init.o
 .debug_macro   0x00006dbc       0x10 src/asf/common/boards/init.o
 .debug_macro   0x00006dcc       0x10 src/asf/common/boards/init.o
 .debug_macro   0x00006ddc       0x58 src/asf/common/boards/init.o
 .debug_macro   0x00006e34       0x10 src/asf/common/boards/init.o
 .debug_macro   0x00006e44       0xeb src/asf/common/boards/init.o
 .debug_macro   0x00006f2f       0x16 src/asf/common/boards/init.o
 .debug_macro   0x00006f45       0x10 src/asf/common/boards/init.o
 .debug_macro   0x00006f55       0x34 src/asf/common/boards/init.o
 .debug_macro   0x00006f89       0x1c src/asf/common/boards/init.o
 .debug_macro   0x00006fa5       0x1c src/asf/common/boards/init.o
 .debug_macro   0x00006fc1       0x22 src/asf/common/boards/init.o
 .debug_macro   0x00006fe3       0x82 src/asf/common/boards/init.o
 .debug_macro   0x00007065       0x3a src/asf/common/boards/init.o
 .debug_macro   0x0000709f       0x1c src/asf/common/boards/init.o
 .debug_macro   0x000070bb       0x9a src/asf/common/boards/init.o
 .debug_macro   0x00007155       0x46 src/asf/common/boards/init.o
 .debug_macro   0x0000719b      0x1bb src/asf/common/services/clock/xmega/sysclk.o
 .debug_macro   0x00007356       0xca src/asf/common/services/clock/xmega/sysclk.o
 .debug_macro   0x00007420      0x1e3 src/asf/common/services/serial/usart_serial.o
 .debug_macro   0x00007603      0x164 src/asf/xmega/drivers/ioport/ioport.o
 .debug_macro   0x00007767      0x18c src/asf/xmega/drivers/ioport/ioport.o
 .debug_macro   0x000078f3      0x1dc src/asf/xmega/drivers/usart/usart.o
 .debug_macro   0x00007acf      0x299 src/asf/xmega/drivers/usart/usart.o
 .debug_macro   0x00007d68      0x192 src/asf/xmega/drivers/usart/usart.o
 .debug_macro   0x00007efa      0x2ee src/main.o
 .debug_macro   0x000081e8       0x2e src/main.o
 .debug_macro   0x00008216       0x88 src/main.o
 .debug_macro   0x0000829e       0x1c src/main.o
 .debug_macro   0x000082ba      0x20c src/memory/dma_driver.o
 .debug_macro   0x000084c6       0x16 src/memory/dma_driver.o
 .debug_macro   0x000084dc      0x2db src/memory/memory.o
 .debug_macro   0x000087b7      0x2ee src/scheduler/scheduler.o
 .debug_macro   0x00008aa5      0x2db src/tasks/isr.o
 .debug_macro   0x00008d80      0x2db src/tasks/tasks.o
 .debug_macro   0x0000905b       0x87 src/vcp/crclib.o
 .debug_macro   0x000090e2       0x97 src/vcp/crclib.o
 .debug_macro   0x00009179       0x20 src/vcp/crclib.o
 .debug_macro   0x00009199       0x16 src/vcp/crclib.o
 .debug_macro   0x000091af       0x10 src/vcp/crclib.o
 .debug_macro   0x000091bf       0x96 src/vcp/vcp_library.o
OUTPUT(CDHIB_MCU.elf elf32-avr)
LOAD linker stubs
